epoch 1 step 50 loss 0.6602
epoch 1 step 100 loss 0.6115
epoch 1 step 150 loss 0.6217
epoch 1 step 200 loss 0.6151
epoch 1 step 250 loss 0.6091
epoch 1 step 300 loss 0.6150
epoch 1 step 350 loss 0.6094
epoch 1 step 400 loss 0.5507
epoch 1 step 450 loss 0.5649
epoch 1 step 500 loss 0.5409
epoch 1 step 550 loss 0.5520
epoch 1 step 600 loss 0.5607
epoch 1 step 650 loss 0.5425
epoch 1 step 700 loss 0.5623
epoch 1 step 750 loss 0.5543
epoch 1 step 800 loss 0.6574
epoch 1 step 850 loss 0.6954
epoch 1 step 900 loss 0.6120
epoch 1 step 950 loss 0.6155
epoch 1 step 1000 loss 0.6146
epoch 1 step 1050 loss 0.6000
epoch 1 step 1100 loss 0.6155
epoch 1 step 1150 loss 0.5999
epoch 1 step 1200 loss 0.6009
epoch 1 step 1250 loss 0.5957
epoch 1 step 1300 loss 0.5862
epoch 1 step 1350 loss 0.5991
epoch 1 step 1400 loss 0.5862
epoch 1 step 1450 loss 0.5985
epoch 1 step 1500 loss 0.6032
After epoch 1: val_loss=0.5798 nats (0.8365 bits), ppl=1.786, p(0|0)≈0.499, p(0|1)≈0.229, zero_violation≈0.9058, parity: p0|E≈0.383, p0|O≈0.189, frac_O≈0.332, argmax0|O≈0.000
epoch 2 step 50 loss 0.5943
epoch 2 step 100 loss 0.5813
epoch 2 step 150 loss 0.5821
epoch 2 step 200 loss 0.5581
epoch 2 step 250 loss 0.5381
epoch 2 step 300 loss 0.5449
epoch 2 step 350 loss 0.5428
epoch 2 step 400 loss 0.5398
epoch 2 step 450 loss 0.6021
epoch 2 step 500 loss 0.6156
Traceback (most recent call last):
  File "/home/matteo/NeuralCSSR/experiments/ebm/train_ar.py", line 292, in <module>
    main()
  File "/home/matteo/NeuralCSSR/experiments/ebm/train_ar.py", line 236, in main
    scaler.step(opt)
  File "/home/matteo/NeuralCSSR/.venv/lib/python3.11/site-packages/torch/amp/grad_scaler.py", line 461, in step
    retval = self._maybe_opt_step(optimizer, optimizer_state, *args, **kwargs)
             ^^^^^^^^^^^^^^^^^^^^^^^^^^^^^^^^^^^^^^^^^^^^^^^^^^^^^^^^^^^^^^^^^
  File "/home/matteo/NeuralCSSR/.venv/lib/python3.11/site-packages/torch/amp/grad_scaler.py", line 355, in _maybe_opt_step
    if not sum(v.item() for v in optimizer_state["found_inf_per_device"].values()):
           ^^^^^^^^^^^^^^^^^^^^^^^^^^^^^^^^^^^^^^^^^^^^^^^^^^^^^^^^^^^^^^^^^^^^^^^
  File "/home/matteo/NeuralCSSR/.venv/lib/python3.11/site-packages/torch/amp/grad_scaler.py", line 355, in <genexpr>
    if not sum(v.item() for v in optimizer_state["found_inf_per_device"].values()):
               ^^^^^^^^
KeyboardInterrupt
