epoch 1 step 50 loss 0.6492
epoch 1 step 100 loss 0.6197
epoch 1 step 150 loss 0.6167
epoch 1 step 200 loss 0.6138
epoch 1 step 250 loss 0.6151
epoch 1 step 300 loss 0.6127
epoch 1 step 350 loss 0.6080
epoch 1 step 400 loss 0.6110
epoch 1 step 450 loss 0.6154
epoch 1 step 500 loss 0.6139
epoch 1 step 550 loss 0.6161
epoch 1 step 600 loss 0.6148
epoch 1 step 650 loss 0.6086
epoch 1 step 700 loss 0.5674
epoch 1 step 750 loss 0.5508
epoch 1 step 800 loss 0.5597
epoch 1 step 850 loss 0.5550
epoch 1 step 900 loss 0.5493
epoch 1 step 950 loss 0.5570
epoch 1 step 1000 loss 0.5552
After epoch 1: val_loss=0.5493 nats (0.7925 bits), ppl=1.732, p(0|0)≈0.506, p(0|1)≈0.267, zero_violation≈0.9502, parity: p0|E≈0.426, p0|O≈0.188, frac_O≈0.334, argmax0|O≈0.000
epoch 2 step 50 loss 0.5628
epoch 2 step 100 loss 0.5578
epoch 2 step 150 loss 0.5555
epoch 2 step 200 loss 0.5371
epoch 2 step 250 loss 0.5488
epoch 2 step 300 loss 0.5395
epoch 2 step 350 loss 0.5290
epoch 2 step 400 loss 0.5396
epoch 2 step 450 loss 0.5424
epoch 2 step 500 loss 0.5412
epoch 2 step 550 loss 0.5416
epoch 2 step 600 loss 0.5469
epoch 2 step 650 loss 0.5409
epoch 2 step 700 loss 0.5436
epoch 2 step 750 loss 0.5231
epoch 2 step 800 loss 0.5143
epoch 2 step 850 loss 0.5101
epoch 2 step 900 loss 0.4967
epoch 2 step 950 loss 0.5045
epoch 2 step 1000 loss 0.5105
Traceback (most recent call last):
  File "/home/matteo/NeuralCSSR/experiments/ebm/train_ar.py", line 292, in <module>
    main()
  File "/home/matteo/NeuralCSSR/experiments/ebm/train_ar.py", line 255, in main
    p00, p01 = estimate_conditional_probs(model, val_tokens, device, args.context_window)
               ^^^^^^^^^^^^^^^^^^^^^^^^^^^^^^^^^^^^^^^^^^^^^^^^^^^^^^^^^^^^^^^^^^^^^^^^^^
  File "/home/matteo/NeuralCSSR/.venv/lib/python3.11/site-packages/torch/utils/_contextlib.py", line 116, in decorate_context
    return func(*args, **kwargs)
           ^^^^^^^^^^^^^^^^^^^^^
  File "/home/matteo/NeuralCSSR/experiments/ebm/train_ar.py", line 55, in estimate_conditional_probs
    return p_next(0), p_next(1)
                      ^^^^^^^^^
  File "/home/matteo/NeuralCSSR/experiments/ebm/train_ar.py", line 51, in p_next
    probs = model.generate_probabilities(x)
            ^^^^^^^^^^^^^^^^^^^^^^^^^^^^^^^
  File "/home/matteo/NeuralCSSR/.venv/lib/python3.11/site-packages/torch/utils/_contextlib.py", line 116, in decorate_context
    return func(*args, **kwargs)
           ^^^^^^^^^^^^^^^^^^^^^
  File "/home/matteo/NeuralCSSR/experiments/ebm/models.py", line 93, in generate_probabilities
    logits = self.forward(input_ids, attention_mask)
             ^^^^^^^^^^^^^^^^^^^^^^^^^^^^^^^^^^^^^^^
  File "/home/matteo/NeuralCSSR/experiments/ebm/models.py", line 87, in forward
    x = self.encoder(x, mask=causal_mask, src_key_padding_mask=padding_mask)
        ^^^^^^^^^^^^^^^^^^^^^^^^^^^^^^^^^^^^^^^^^^^^^^^^^^^^^^^^^^^^^^^^^^^^
  File "/home/matteo/NeuralCSSR/.venv/lib/python3.11/site-packages/torch/nn/modules/module.py", line 1751, in _wrapped_call_impl
    return self._call_impl(*args, **kwargs)
           ^^^^^^^^^^^^^^^^^^^^^^^^^^^^^^^^
  File "/home/matteo/NeuralCSSR/.venv/lib/python3.11/site-packages/torch/nn/modules/module.py", line 1762, in _call_impl
    return forward_call(*args, **kwargs)
           ^^^^^^^^^^^^^^^^^^^^^^^^^^^^^
  File "/home/matteo/NeuralCSSR/.venv/lib/python3.11/site-packages/torch/nn/modules/transformer.py", line 511, in forward
    is_causal = _detect_is_causal_mask(mask, is_causal, seq_len)
                ^^^^^^^^^^^^^^^^^^^^^^^^^^^^^^^^^^^^^^^^^^^^^^^^
  File "/home/matteo/NeuralCSSR/.venv/lib/python3.11/site-packages/torch/nn/modules/transformer.py", line 1199, in _detect_is_causal_mask
    causal_comparison = _generate_square_subsequent_mask(
                        ^^^^^^^^^^^^^^^^^^^^^^^^^^^^^^^^^
  File "/home/matteo/NeuralCSSR/.venv/lib/python3.11/site-packages/torch/nn/modules/transformer.py", line 38, in _generate_square_subsequent_mask
    torch.full((sz, sz), float("-inf"), dtype=dtype, device=device),
    ^^^^^^^^^^^^^^^^^^^^^^^^^^^^^^^^^^^^^^^^^^^^^^^^^^^^^^^^^^^^^^^
KeyboardInterrupt
